// Vitest Snapshot v1

exports[`<Heading /> > should match snapshot 1`] = `
.c0 {
  color: #07090D;
  font-size: 4.0rem;
  text-transform: none;
}

@media (max-width:768px) {
  .c0 {
    font-size: 2.4rem;
  }
}

@media (max-width:414px) {
  .c0 {
    font-size: 1.6rem;
  }
}

@media (max-width:362px) {
  .c0 {
    font-size: 1rem;
  }
}

<div>
  <h1
    class="c0"
  >
    Example
  </h1>
</div>
`;
